<?xml version="1.0" encoding="utf-8"?><testsuites name="pytest tests"><testsuite name="pytest" errors="0" failures="0" skipped="0" tests="1" time="2.785" timestamp="2026-09-19T17:41:41.050066+03:00" hostname="rami"><testcase classname="tests.test_ebay_e2e" name="test_ebay_shopping_cart_e2e[chromium]" time="2.734" /></testsuite></testsuites>